[04:07:55] [ServerMain/INFO]: [bootstrap] Running Java 25 (OpenJDK 64-Bit Server VM 25.0.4.1+1-LTS; Microsoft Microsoft-14951822) on Linux 6.8.0-1052-azure (amd64)
[04:07:55] [ServerMain/INFO]: [bootstrap] Loading Paper 26.2-111-main@f570646 (2026-08-07T16:16:19Z) for Minecraft 26.2
[04:07:55] [ServerMain/INFO]: [PluginInitializerManager] Initializing plugins...
[04:07:56] [ServerMain/INFO]: [PluginInitializerManager] Initialized 4 plugins
[04:07:56] [ServerMain/INFO]: [PluginInitializerManager] Bukkit plugins (4):
 - AxSmithing (1.9), TuffXPlus (1.1.1), ViaBackwards (5.11.0), ViaVersion (5.11.0)
[04:08:00] [DataConverter MCTypeRegistry init thread/INFO]: [ca.spottedleaf.dataconverter.minecraft.datatypes.MCTypeRegistry] Initialising converters for DataConverter...
[04:08:00] [ServerMain/INFO]: Environment: Environment[sessionHost=https://sessionserver.mojang.com, servicesHost=https://api.minecraftservices.com, profilesHost=https://api.mojang.com, name=PROD]
[04:08:01] [DataConverter MCTypeRegistry init thread/INFO]: [ca.spottedleaf.dataconverter.minecraft.datatypes.MCTypeRegistry] Finished initialising converters for DataConverter in 1,056.5ms
[04:08:03] [ServerMain/INFO]: Loaded 1585 recipes
[04:08:03] [ServerMain/INFO]: Loaded 1688 advancements
[04:08:03] [Server thread/INFO]: Starting minecraft server version 26.2
[04:08:03] [Server thread/INFO]: Loading properties
[04:08:03] [Server thread/INFO]: This server is running Paper version 26.2-111-main@f570646 (2026-08-07T16:16:19Z) (Implementing API version 26.2.build.111-stable)
[04:08:03] [Server thread/INFO]: [spark] This server bundles the spark profiler. For more information please visit https://docs.papermc.io/paper/profiling
[04:08:03] [Server thread/INFO]: Server Ping Player Sample Count: 12
[04:08:03] [Server thread/INFO]: Using 4 threads for Netty based IO
[04:08:04] [Server thread/INFO]: [MoonriseCommon] Paper is using 1 worker threads, 1 I/O threads
[04:08:04] [Server thread/INFO]: Default game type: SURVIVAL
[04:08:04] [Server thread/INFO]: Generating keypair
[04:08:04] [Server thread/INFO]: Starting Minecraft server on *:25567
[04:08:04] [Server thread/INFO]: Paper: Using libdeflate (Linux x86_64) compression from Velocity.
[04:08:04] [Server thread/INFO]: Paper: Using OpenSSL 3.x.x (Linux x86_64) cipher from Velocity.
[04:08:05] [Server thread/INFO]: [ViaVersion] Loading server plugin ViaVersion v5.11.0
[04:08:05] [Server thread/INFO]: [ViaVersion] ViaVersion 5.11.0 is now loaded. Registering protocol transformers and injecting...
[04:08:06] [Server thread/INFO]: [ViaBackwards] Loading translations...
[04:08:06] [Server thread/INFO]: [ViaBackwards] Registering protocols...
[04:08:06] [Server thread/INFO]: [ViaBackwards] Loading server plugin ViaBackwards v5.11.0
[04:08:06] [Server thread/INFO]: [AxSmithing] Loading server plugin AxSmithing v1.9
[04:08:06] [Server thread/INFO]: [TuffXPlus] Loading server plugin TuffXPlus v1.1.1
[04:08:06] [Server thread/INFO]: [packetevents] Loading packetevents...
[04:08:08] [Server thread/INFO]: [packetevents] Loaded packetevents v2.13.0 for TuffXPlus
[04:08:08] [Server thread/WARN]: **** SERVER IS RUNNING IN OFFLINE/INSECURE MODE!
[04:08:08] [Server thread/WARN]: The server will make no attempt to authenticate usernames. Beware.
[04:08:08] [Server thread/WARN]: Whilst this makes it possible to use Velocity, unless access to your server is properly restricted, it also opens up the ability for hackers to connect with any username they choose.
[04:08:08] [Server thread/WARN]: Please see https://docs.papermc.io/velocity/security for further information.
[04:08:08] [Server thread/WARN]: To change this, set "online-mode" to "true" in the server.properties file.
[04:08:08] [Server thread/INFO]: Preparing level "world"
[04:08:09] [Server thread/INFO]: Loading 0 persistent chunks for level 'minecraft:overworld'...
[04:08:09] [Server thread/INFO]: Preparing spawn area: 100%
[04:08:09] [Server thread/INFO]: Prepared spawn area in 3 ms
[04:08:09] [Server thread/INFO]: Loading 0 persistent chunks for level 'minecraft:the_nether'...
[04:08:09] [Server thread/INFO]: Prepared spawn area in 0 ms
[04:08:09] [Server thread/INFO]: Loading 0 persistent chunks for level 'minecraft:the_end'...
[04:08:09] [Server thread/INFO]: Prepared spawn area in 0 ms
[04:08:09] [Server thread/INFO]: Done preparing level "world" (0.526s)
[04:08:09] [Server thread/INFO]: [ViaVersion] Enabling ViaVersion v5.11.0
[04:08:09] [Server thread/INFO]: [ViaVersion] ViaVersion detected server version: 26.2 (776)
[04:08:09] [Server thread/INFO]: [ViaBackwards] Enabling ViaBackwards v5.11.0
[04:08:09] [Server thread/INFO]: [AxSmithing] Enabling AxSmithing v1.9
[04:08:09] [Server thread/INFO]: [TuffXPlus] Enabling TuffXPlus v1.1.1
[04:08:09] [Server thread/INFO]: [TuffXPlus] Using standard Bukkit-compatible schedulers.
[04:08:09] [Server thread/INFO]: [TuffXPlus] [Y0] Server Minecraft Version: 26.2
[04:08:10] [Server thread/INFO]: [TuffXPlus] [TuffActions] Successfully loaded 1326 creative tab mappings.
[04:08:10] [Server thread/INFO]: [TuffXPlus] [TuffActions] TuffActions has been enabled
[04:08:10] [Server thread/INFO]: [TuffXPlus] [TuffActions] Enabling features...
[04:08:10] [Server thread/INFO]: [TuffXPlus] [TuffActions] Swimming enabled.
[04:08:10] [Server thread/INFO]: [TuffXPlus] [TuffActions] Creative Items enabled.
[04:08:10] [Server thread/INFO]: [TuffXPlus] [TuffActions] Loading Restrictions config...
[04:08:10] [Server thread/INFO]: [TuffXPlus] [TuffActions] Restrictions enabled.
[04:08:10] [Server thread/INFO]: [TuffXPlus] [TuffActions] Finished enabling features.
[04:08:10] [Server thread/INFO]: [TuffXPlus] [ViaBlocks] Generating ViaBlocks Pre-Defined Palette...
[04:08:10] [Server thread/INFO]: [TuffXPlus] [ViaBlocks] Palette initialized with 649 entries.
[04:08:10] [Server thread/INFO]: [TuffXPlus] [ViaBlocks] ViaBlocks has been enabled successfully and is listening for client handshakes.
[04:08:10] [Server thread/INFO]: [TuffXPlus] [ViaEntities] ViaEntities enabled with 43 modern entities
[04:08:10] [Server thread/INFO]: [TuffXPlus] 
[04:08:10] [Server thread/INFO]: [TuffXPlus] ████████╗██╗   ██╗███████╗ ███████╗ ██╗  ██╗     ██╗
[04:08:10] [Server thread/INFO]: [TuffXPlus] ╚══██╔══╝██║   ██║██╔════╝ ██╔════╝ ╚██╗██╔╝     ██║
[04:08:10] [Server thread/INFO]: [TuffXPlus]    ██║   ██║   ██║██████╗  ██████╗   ╚███╔╝ ████████████╗
[04:08:10] [Server thread/INFO]: [TuffXPlus]    ██║   ██║   ██║██╔═══╝  ██╔═══╝   ██╔██╗ ╚════██╔════╝
[04:08:10] [Server thread/INFO]: [TuffXPlus]    ██║   ╚██████╔╝██║      ██║      ██╔╝╚██╗     ██║
[04:08:10] [Server thread/INFO]: [TuffXPlus]    ╚═╝    ╚═════╝ ╚═╝      ╚═╝      ╚═╝  ╚═╝     ╚═╝
[04:08:10] [Server thread/INFO]: [TuffXPlus] 
[04:08:10] [Server thread/INFO]: [TuffXPlus] CREDITS
[04:08:10] [Server thread/INFO]: [TuffXPlus] 
[04:08:10] [Server thread/INFO]: [TuffXPlus] Y0 support:
[04:08:10] [Server thread/INFO]: [TuffXPlus] • Below y0 (client + plugin) programmed by Potato (@justatypicalpotato)
[04:08:10] [Server thread/INFO]: [TuffXPlus] • llucasandersen - plugin optimizations
[04:08:10] [Server thread/INFO]: [TuffXPlus] 
[04:08:10] [Server thread/INFO]: [TuffXPlus] ViaBlocks:
[04:08:10] [Server thread/INFO]: [TuffXPlus] • ViaBlocks partial plugin and client rewrite by Potato
[04:08:10] [Server thread/INFO]: [TuffXPlus] • llucasandersen (Complex client models and texture fixes,
[04:08:10] [Server thread/INFO]: [TuffXPlus] 	  optimizations, PacketEvents migration and async safety fixes)
[04:08:10] [Server thread/INFO]: [TuffXPlus] • coleis1op, if ts is driving me crazy, im taking credit
[04:08:10] [Server thread/INFO]: [TuffXPlus] 
[04:08:10] [Server thread/INFO]: [TuffXPlus] Other:
[04:08:10] [Server thread/INFO]: [TuffXPlus] • Swimming and creative items programmed by Potato (@justatypicalpotato)
[04:08:10] [Server thread/INFO]: [TuffXPlus] • shaded build, 1.14+ support (before merge) - llucasandersen
[04:08:10] [Server thread/INFO]: [TuffXPlus] • Restrictions - UplandJacob
[04:08:10] [Server thread/INFO]: [TuffXPlus] • Overall plugin merges by Potato
[04:08:10] [Server thread/INFO]: [spark] Starting background profiler...
[04:08:11] [Server thread/INFO]: Saving chunks for level 'ServerLevel[world]'/minecraft:overworld
[04:08:11] [Server thread/INFO]: Saving chunks for level 'ServerLevel[world]'/minecraft:the_nether
[04:08:11] [Server thread/INFO]: Saving chunks for level 'ServerLevel[world]'/minecraft:the_end
[04:08:11] [Server thread/INFO]: ThreadedAnvilChunkStorage (world): All chunks are saved
[04:08:11] [Server thread/INFO]: ThreadedAnvilChunkStorage (DIM-1): All chunks are saved
[04:08:11] [Server thread/INFO]: ThreadedAnvilChunkStorage (DIM1): All chunks are saved
[04:08:11] [Server thread/INFO]: ThreadedAnvilChunkStorage: All dimensions are saved
[04:08:11] [Server thread/INFO]: Running delayed init tasks
[04:08:11] [Server thread/INFO]: [TuffXPlus] [Y0] Loading mappings from 26.2-mappings.json
[04:08:11] [Craft Scheduler Thread - 2 - ViaVersion/INFO]: [ViaVersion] Finished mapping loading, shutting down loader executor.
[04:08:11] [Server thread/INFO]: [TuffXPlus] [Y0] Loaded 29671 legacy mappings.
[04:08:11] [Server thread/INFO]: Done (18.295s)! For help, type "help"
[04:08:12] [Paper Async Task Handler Thread - 1/INFO]: *** Currently you are 10 builds behind ***
[04:08:12] [Paper Async Task Handler Thread - 1/INFO]: *** It is highly recommended to download the latest build from https://papermc.io/downloads/paper ***
[04:18:53] [User Authenticator #0/INFO]: UUID of player ironmanLJM is d00c14c9-9ee3-3788-b053-a1de57b43b72
[04:19:02] [Server thread/INFO]: ironmanLJM joined the game
[04:19:02] [Server thread/INFO]: ironmanLJM[/[0:0:0:0:0:0:0:1]:53506] logged in with entity id 14 at ([minecraft:overworld]-6.048727222078673, 168.9638667786455, -140.4205800762258)
[04:21:10] [Server thread/INFO]: ironmanLJM issued server command: /time set day
[04:21:10] [Server thread/INFO]: [ironmanLJM: Set minecraft:overworld to time marker minecraft:day]
[04:21:19] [Server thread/INFO]: ironmanLJM issued server command: /difficulty normal
[04:21:19] [Server thread/INFO]: [ironmanLJM: The difficulty has been set to Normal]
[04:21:36] [Server thread/INFO]: ironmanLJM has made the advancement [Monster Hunter]
[04:21:50] [Server thread/INFO]: ironmanLJM issued server command: /clear
[04:21:50] [Server thread/INFO]: [ironmanLJM: Removed 75 item(s) from player ironmanLJM]
[04:21:51] [Server thread/INFO]: ironmanLJM lost connection: Disconnected
[04:21:51] [Server thread/INFO]: ironmanLJM left the game
[04:29:29] [User Authenticator #1/INFO]: UUID of player ironmanLJM is d00c14c9-9ee3-3788-b053-a1de57b43b72
[04:29:30] [Server thread/INFO]: ironmanLJM joined the game
[04:29:30] [Server thread/INFO]: ironmanLJM[/[0:0:0:0:0:0:0:1]:60480] logged in with entity id 1238 at ([minecraft:overworld]-19.54985910500434, 103.0, -29.96476264474348)
[04:29:46] [Server thread/INFO]: ironmanLJM issued server command: /clear
[04:29:46] [Server thread/INFO]: [ironmanLJM: Removed 4 item(s) from player ironmanLJM]
[04:30:01] [Server thread/INFO]: ironmanLJM issued server command: /gamemode survival
[04:30:01] [Server thread/INFO]: [ironmanLJM: Set own game mode to Survival Mode]
[04:30:08] [Server thread/INFO]: ironmanLJM issued server command: /rt
[04:30:08] [Server thread/INFO]: ironmanLJM issued server command: /rtp
[04:30:45] [Server thread/INFO]: ironmanLJM lost connection: Disconnected
[04:30:45] [Server thread/INFO]: ironmanLJM left the game
[04:39:59] [User Authenticator #2/INFO]: UUID of player ironmanLJM is d00c14c9-9ee3-3788-b053-a1de57b43b72
[04:39:59] [Server thread/INFO]: ironmanLJM joined the game
[04:39:59] [Server thread/INFO]: ironmanLJM[/[0:0:0:0:0:0:0:1]:52066] logged in with entity id 1818 at ([minecraft:overworld]-48.37680712347475, 64.0, 63.2488630697921)
[04:42:26] [Server thread/INFO]: ironmanLJM has made the advancement [Stone Age]
[04:43:01] [Server thread/INFO]: ironmanLJM has made the advancement [Getting an Upgrade]
[04:45:27] [Server thread/INFO]: ironmanLJM has made the advancement [Acquire Hardware]
[04:49:37] [Server thread/INFO]: ironmanLJM has made the advancement [Suit Up]
[04:54:23] [Server thread/INFO]: ironmanLJM lost connection: Timed out
[04:54:23] [Server thread/INFO]: ironmanLJM left the game
[05:18:25] [User Authenticator #3/INFO]: UUID of player ironmanLJM is d00c14c9-9ee3-3788-b053-a1de57b43b72
[05:18:26] [Server thread/INFO]: ironmanLJM joined the game
[05:18:26] [Server thread/INFO]: ironmanLJM[/[0:0:0:0:0:0:0:1]:56190] logged in with entity id 4891 at ([minecraft:overworld]64.62753922534381, 74.0, 190.97358827318712)
[05:19:13] [Server thread/INFO]: ironmanLJM has made the advancement [Isn't It Iron Pick]
[05:19:15] [Server thread/INFO]: ironmanLJM lost connection: Disconnected
[05:19:15] [Server thread/INFO]: ironmanLJM left the game
