[04:14:17] [main/INFO] [com.velocitypowered.proxy.VelocityServer]: Booting up Velocity 4.1.0-SNAPSHOT (git-00759e52-b16)...
[04:14:18] [main/INFO] [com.velocitypowered.proxy.network.ConnectionManager]: Connections will use epoll channels, libdeflate (Linux x86_64) compression, OpenSSL 3.x.x (Linux x86_64) ciphers
[04:14:18] [main/WARN] [com.velocitypowered.proxy.config.VelocityConfiguration]: The proxy is running in offline mode! This is a security risk and you will NOT receive any support!
[04:14:18] [main/INFO] [com.velocitypowered.proxy.VelocityServer]: Loading localizations...
[04:14:18] [main/INFO] [com.velocitypowered.proxy.VelocityServer]: Loading plugins...
[04:14:18] [main/INFO] [eaglerxserver]: Loading EaglercraftXServer 1.1.1...
[04:14:18] [main/INFO] [eaglerxserver]: (Platform: Velocity)
[04:14:18] [main/INFO] [eaglerxserver]: Server Name: "EaglercraftXServer"
[04:14:18] [main/ERROR] [eaglerxserver]: Could not load server icon: server-icon.png
javax.imageio.IIOException: Can't read input file!
	at java.desktop/javax.imageio.ImageIO.read(ImageIO.java:1264)
	at net.lax1dude.eaglercraft.backend.server.base.ServerIconLoader.loadServerIcon(ServerIconLoader.java:112)
	at net.lax1dude.eaglercraft.backend.server.base.ServerIconLoader$1.loadServerIcon(ServerIconLoader.java:51)
	at net.lax1dude.eaglercraft.backend.server.base.EaglerListener.<init>(EaglerListener.java:90)
	at net.lax1dude.eaglercraft.backend.server.base.EaglerListener.<init>(EaglerListener.java:58)
	at net.lax1dude.eaglercraft.backend.server.base.EaglerXServer.loadProxying(EaglerXServer.java:355)
	at net.lax1dude.eaglercraft.backend.server.base.EaglerXServer.load(EaglerXServer.java:339)
	at net.lax1dude.eaglercraft.backend.server.velocity.PlatformPluginVelocity.<init>(PlatformPluginVelocity.java:256)
	at net.lax1dude.eaglercraft.backend.server.velocity.PlatformPluginVelocity$$FastClassByGuice$$f6f39.GUICE$TRAMPOLINE(<generated>)
	at net.lax1dude.eaglercraft.backend.server.velocity.PlatformPluginVelocity$$FastClassByGuice$$f6f39.apply(<generated>)
	at com.google.inject.internal.DefaultConstructionProxyFactory$FastClassProxy.newInstance(DefaultConstructionProxyFactory.java:82)
	at com.google.inject.internal.ConstructorInjector.provision(ConstructorInjector.java:114)
	at com.google.inject.internal.ConstructorInjector.construct(ConstructorInjector.java:91)
	at com.google.inject.internal.ConstructorBindingImpl$Factory.get(ConstructorBindingImpl.java:300)
	at com.google.inject.internal.ProviderToInternalFactoryAdapter.get(ProviderToInternalFactoryAdapter.java:40)
	at com.google.inject.internal.SingletonScope$1.get(SingletonScope.java:169)
	at com.google.inject.internal.InternalFactoryToProviderAdapter.get(InternalFactoryToProviderAdapter.java:45)
	at com.google.inject.internal.InjectorImpl$1.get(InjectorImpl.java:1148)
	at com.google.inject.internal.InjectorImpl.getInstance(InjectorImpl.java:1186)
	at com.velocitypowered.proxy.plugin.loader.java.JavaPluginLoader.createPlugin(JavaPluginLoader.java:135)
	at com.velocitypowered.proxy.plugin.VelocityPluginManager.loadPlugins(VelocityPluginManager.java:199)
	at com.velocitypowered.proxy.VelocityServer.loadPlugins(VelocityServer.java:439)
	at com.velocitypowered.proxy.VelocityServer.start(VelocityServer.java:310)
	at com.velocitypowered.proxy.Velocity.main(Velocity.java:71)
[04:14:18] [main/INFO] [com.velocitypowered.proxy.plugin.VelocityPluginManager]: Loaded plugin eaglerxserver 1.1.1 by lax1dude
[04:14:19] [main/INFO] [com.velocitypowered.proxy.plugin.VelocityPluginManager]: Loaded plugin luckperms 5.5.71 by Luck
[04:14:19] [main/INFO] [com.velocitypowered.proxy.plugin.VelocityPluginManager]: Loaded plugin nantibot 2.0.8 by NickUC
[04:14:19] [main/INFO] [com.velocitypowered.proxy.plugin.VelocityPluginManager]: Loaded plugin nlogin 2.0.19 by NickUC
[04:14:19] [main/INFO] [com.velocitypowered.proxy.plugin.VelocityPluginManager]: Loaded plugin viaversion 5.11.0 by _MylesC, creeper123123321, Gerrygames, kennytv, Matsv, EnZaXD, RK_01
[04:14:19] [main/INFO] [com.velocitypowered.proxy.plugin.VelocityPluginManager]: Loaded plugin viabackwards 5.11.0 by Matsv, kennytv, Gerrygames, creeper123123321, ForceUpdate1, EnZaXD
[04:14:19] [main/INFO] [com.velocitypowered.proxy.VelocityServer]: Loaded 7 plugins
[04:14:19] [LuckPerms - Task Executor #0/INFO] [luckperms]: Loading configuration...
[04:14:19] [LuckPerms - Task Executor #0/INFO] [com.velocitypowered.proxy.console.VelocityConsole]:         __    
[04:14:19] [LuckPerms - Task Executor #0/INFO] [com.velocitypowered.proxy.console.VelocityConsole]:   |    |__)   LuckPerms v5.5.71
[04:14:19] [LuckPerms - Task Executor #0/INFO] [com.velocitypowered.proxy.console.VelocityConsole]:   |___ |      Running on Velocity
[04:14:19] [LuckPerms - Task Executor #0/INFO] [com.velocitypowered.proxy.console.VelocityConsole]: 
[04:14:20] [LuckPerms - Task Executor #0/INFO] [luckperms]: Loading storage provider... [H2]
[04:14:20] [LuckPerms - Task Executor #0/INFO] [luckperms]: Loading internal permission managers...
[04:14:20] [LuckPerms - Task Executor #0/INFO] [luckperms]: Performing initial data load...
[04:14:20] [LuckPerms - Task Executor #0/INFO] [luckperms]: Successfully enabled. (took 1178ms)
[04:14:20] [LuckPerms - Task Executor #0/WARN] [com.velocitypowered.proxy.network.ConnectionManager]: The server channel initializer has been replaced by java.base/jdk.internal.reflect.DirectMethodHandleAccessor.invoke(DirectMethodHandleAccessor.java:104)
[04:14:20] [LuckPerms - Task Executor #0/INFO] [eaglerxserver]: Enabling EaglercraftXServer 1.1.1...
[04:14:20] [LuckPerms - Task Executor #0/INFO] [eaglerxserver]: Connecting to skin cache database "jdbc:sqlite:eagler_skins_cache.db"...
[04:14:20] [LuckPerms - Task Executor #0/INFO] [eaglerxserver]: Connected to skin cache database successfully!
[04:14:20] [EaglercraftXServer - Task Executor #0/INFO] [eaglerxserver]: Reloaded certificate: /workspaces/eaglercraft-26.2/velocity/plugins/eaglerxserver/eagcert/$dl.34268c6e7b2a2336a2821b0171d290d6dd455cba.cert
[04:14:20] [EaglercraftXServer - Task Executor #0/WARN] [eaglerxserver]: Update certificate was loaded: $dl.34268c6e7b2a2336a2821b0171d290d6dd455cba.cert
[04:14:22] [LuckPerms - Task Executor #0/INFO] [nantibot]: Successful plugin core start (took 0.85s)
[04:14:22] [LuckPerms - Task Executor #0/INFO] [com.velocitypowered.proxy.console.VelocityConsole]: [nAntiBot]           _         _   _   ___       _   
[04:14:22] [LuckPerms - Task Executor #0/INFO] [com.velocitypowered.proxy.console.VelocityConsole]: [nAntiBot]   _ __   /_\  _ __ | |_(_) / __\ ___ | |_ 
[04:14:22] [LuckPerms - Task Executor #0/INFO] [com.velocitypowered.proxy.console.VelocityConsole]: [nAntiBot]  | '_ \ //_\\| '_ \| __| |/__\/// _ \| __|
[04:14:22] [LuckPerms - Task Executor #0/INFO] [com.velocitypowered.proxy.console.VelocityConsole]: [nAntiBot]  | | | /  _  \ | | | |_| / \/  \ (_) | |_ 
[04:14:22] [LuckPerms - Task Executor #0/INFO] [com.velocitypowered.proxy.console.VelocityConsole]: [nAntiBot]  |_| |_\_/ \_/_| |_|\__|_\_____/\___/ \__|
[04:14:22] [LuckPerms - Task Executor #0/INFO] [com.velocitypowered.proxy.console.VelocityConsole]: [nAntiBot]                                          
[04:14:22] [LuckPerms - Task Executor #0/INFO] [com.velocitypowered.proxy.console.VelocityConsole]: [nAntiBot]  By: www.nickuc.com - V 2.0.8
[04:14:22] [LuckPerms - Task Executor #0/INFO] [com.velocitypowered.proxy.console.VelocityConsole]: [nAntiBot] 
[04:14:24] [LuckPerms - Task Executor #0/INFO] [nlogin]: Successful plugin core start (took 0.85s)
[04:14:24] [LuckPerms - Task Executor #0/INFO] [com.velocitypowered.proxy.console.VelocityConsole]: [nLogin]           __             _       
[04:14:24] [LuckPerms - Task Executor #0/INFO] [com.velocitypowered.proxy.console.VelocityConsole]: [nLogin]   _ __   / /  ___   __ _(_)_ __  
[04:14:24] [LuckPerms - Task Executor #0/INFO] [com.velocitypowered.proxy.console.VelocityConsole]: [nLogin]  | '_ \ / /  / _ \ / _` | | '_ \ 
[04:14:24] [LuckPerms - Task Executor #0/INFO] [com.velocitypowered.proxy.console.VelocityConsole]: [nLogin]  | | | / /__| (_) | (_| | | | | |
[04:14:24] [LuckPerms - Task Executor #0/INFO] [com.velocitypowered.proxy.console.VelocityConsole]: [nLogin]  |_| |_\____/\___/ \__, |_|_| |_|
[04:14:24] [LuckPerms - Task Executor #0/INFO] [com.velocitypowered.proxy.console.VelocityConsole]: [nLogin]                   |___/            
[04:14:24] [LuckPerms - Task Executor #0/INFO] [com.velocitypowered.proxy.console.VelocityConsole]: [nLogin]  By: www.nickuc.com - V 2.0.19
[04:14:24] [LuckPerms - Task Executor #0/INFO] [com.velocitypowered.proxy.console.VelocityConsole]: [nLogin]  
[04:14:25] [LuckPerms - Task Executor #0/INFO] [nlogin]: Loading packetevents-velocity 2.13.0...
[04:14:26] [Netty epoll Worker #0/ERROR] [eaglerxserver]: Could not check for server updates: io.netty.handler.timeout.ReadTimeoutException
[04:14:27] [pool-7-thread-3/INFO] [nantibot]: [Captcha] Captchas generated successfully. (RAM usage ≃ 8 MB [static only], total = 500, protocol count = 51, threads = 4, took 4.79s)
[04:14:27] [LuckPerms - Task Executor #0/WARN] [com.velocitypowered.proxy.network.ConnectionManager]: The server channel initializer has been replaced by java.base/jdk.internal.reflect.DirectMethodHandleAccessor.invoke(DirectMethodHandleAccessor.java:104)
[04:14:28] [LuckPerms - Task Executor #0/INFO] [viaversion]: Replacing channel initializers; you can safely ignore the following two warnings.
[04:14:28] [LuckPerms - Task Executor #0/WARN] [com.velocitypowered.proxy.network.ConnectionManager]: The server channel initializer has been replaced by java.base/jdk.internal.reflect.DirectMethodHandleAccessor.invoke(DirectMethodHandleAccessor.java:104)
[04:14:28] [LuckPerms - Task Executor #0/WARN] [com.velocitypowered.proxy.network.ConnectionManager]: The backend channel initializer has been replaced by java.base/jdk.internal.reflect.DirectMethodHandleAccessor.invoke(DirectMethodHandleAccessor.java:104)
[04:14:28] [LuckPerms - Task Executor #0/INFO] [viabackwards]: Loading translations...
[04:14:28] [LuckPerms - Task Executor #0/INFO] [viabackwards]: Registering protocols...
[04:14:28] [LuckPerms - Task Executor #0/INFO] [viaversion]: ViaVersion detected lowest supported version by the proxy: 1.13 (393)
[04:14:28] [LuckPerms - Task Executor #0/INFO] [viaversion]: Highest supported version by the proxy: 26.2 (776)
[04:14:28] [ViaVersion - Task Executor #2/INFO] [viaversion]: Finished mapping loading, shutting down loader executor.
[04:14:28] [main/INFO] [nantibot]: Injecting channel initializers
[04:14:28] [main/WARN] [com.velocitypowered.proxy.network.ConnectionManager]: The server channel initializer has been replaced by java.base/jdk.internal.reflect.DirectMethodHandleAccessor.invoke(DirectMethodHandleAccessor.java:104)
[04:14:28] [Netty epoll Boss #0/INFO] [eaglerxserver]: Listener "listener0" injected into channel [id: 0x99872b12, L:/[0:0:0:0:0:0:0:0]:25565] successfully (Velocity method)
[04:14:28] [Netty epoll Boss #0/INFO] [com.velocitypowered.proxy.network.ConnectionManager]: Listening on /[0:0:0:0:0:0:0:0]:25565
[04:14:28] [nAntiBot - Task Executor #1/INFO] [nantibot]: Connecting to the remote server antibot.nickuc.com...
[04:14:28] [main/INFO] [com.velocitypowered.proxy.Velocity]: Done (10.97s)!
[04:18:40] [Netty epoll Worker #4/INFO] [com.velocitypowered.proxy.connection.client.AuthSessionHandler]: [connected player] ironmanLJM (/[0:0:0:0:0:0:0:1]:44842) has connected
[04:18:41] [Netty epoll Worker #4/INFO] [com.velocitypowered.proxy.connection.MinecraftConnection]: [server connection] ironmanLJM -> auth has connected
[04:18:52] [nLogin - Task Executor #2/INFO] [nlogin]: The user ironmanLJM has successfully logged in.
[04:18:53] [Netty epoll Worker #4/INFO] [com.velocitypowered.proxy.connection.MinecraftConnection]: [server connection] ironmanLJM -> survival has connected
[04:18:53] [Netty epoll Worker #4/INFO] [com.velocitypowered.proxy.connection.MinecraftConnection]: [server connection] ironmanLJM -> auth has disconnected
[04:21:51] [Netty epoll Worker #4/INFO] [com.velocitypowered.proxy.connection.MinecraftConnection]: [connected player] ironmanLJM (/[0:0:0:0:0:0:0:1]:44842) has disconnected
[04:21:51] [Netty epoll Worker #4/INFO] [com.velocitypowered.proxy.connection.MinecraftConnection]: [server connection] ironmanLJM -> survival has disconnected
[04:25:14] [Netty epoll Worker #3/INFO] [com.velocitypowered.proxy.connection.client.AuthSessionHandler]: [connected player] ironmanLJM (/[0:0:0:0:0:0:0:1]:49148) has connected
[04:25:14] [Netty epoll Worker #3/INFO] [com.velocitypowered.proxy.connection.MinecraftConnection]: [server connection] ironmanLJM -> auth has connected
[04:25:26] [Netty epoll Worker #3/INFO] [com.velocitypowered.proxy.connection.MinecraftConnection]: [connected player] ironmanLJM (/[0:0:0:0:0:0:0:1]:49148) has disconnected
[04:25:26] [Netty epoll Worker #3/INFO] [com.velocitypowered.proxy.connection.MinecraftConnection]: [server connection] ironmanLJM -> auth has disconnected
[04:29:12] [Netty epoll Worker #5/INFO] [com.velocitypowered.proxy.connection.client.AuthSessionHandler]: [connected player] ironmanLJM (/[0:0:0:0:0:0:0:1]:54270) has connected
[04:29:12] [Netty epoll Worker #5/INFO] [com.velocitypowered.proxy.connection.MinecraftConnection]: [server connection] ironmanLJM -> auth has connected
[04:29:28] [nLogin - Task Executor #4/INFO] [nlogin]: The user ironmanLJM has successfully logged in.
[04:29:29] [Netty epoll Worker #5/INFO] [com.velocitypowered.proxy.connection.MinecraftConnection]: [server connection] ironmanLJM -> survival has connected
[04:29:29] [Netty epoll Worker #5/INFO] [com.velocitypowered.proxy.connection.MinecraftConnection]: [server connection] ironmanLJM -> auth has disconnected
[04:30:45] [Netty epoll Worker #5/INFO] [com.velocitypowered.proxy.connection.MinecraftConnection]: [connected player] ironmanLJM (/[0:0:0:0:0:0:0:1]:54270) has disconnected
[04:30:45] [Netty epoll Worker #5/INFO] [com.velocitypowered.proxy.connection.MinecraftConnection]: [server connection] ironmanLJM -> survival has disconnected
[04:39:43] [Netty epoll Worker #6/INFO] [com.velocitypowered.proxy.connection.client.AuthSessionHandler]: [connected player] ironmanLJM (/[0:0:0:0:0:0:0:1]:37780) has connected
[04:39:43] [Netty epoll Worker #6/INFO] [com.velocitypowered.proxy.connection.MinecraftConnection]: [server connection] ironmanLJM -> auth has connected
[04:39:58] [nLogin - Task Executor #6/INFO] [nlogin]: The user ironmanLJM has successfully logged in.
[04:39:59] [Netty epoll Worker #6/INFO] [com.velocitypowered.proxy.connection.MinecraftConnection]: [server connection] ironmanLJM -> survival has connected
[04:39:59] [Netty epoll Worker #6/INFO] [com.velocitypowered.proxy.connection.MinecraftConnection]: [server connection] ironmanLJM -> auth has disconnected
[04:54:23] [Netty epoll Worker #6/INFO] [com.velocitypowered.proxy.connection.client.ConnectedPlayer]: [connected player] ironmanLJM (/[0:0:0:0:0:0:0:1]:37780) has disconnected: An internal error occurred in your connection.
[04:54:23] [Netty epoll Worker #6/ERROR] [com.velocitypowered.proxy.connection.MinecraftConnection]: [connected player] ironmanLJM (/[0:0:0:0:0:0:0:1]:37780): read timed out
[04:54:23] [Netty epoll Worker #6/INFO] [com.velocitypowered.proxy.connection.MinecraftConnection]: [server connection] ironmanLJM -> survival has disconnected
[05:18:17] [Netty epoll Worker #3/INFO] [com.velocitypowered.proxy.connection.client.AuthSessionHandler]: [connected player] ironmanLJM (/[0:0:0:0:0:0:0:1]:49662) has connected
[05:18:17] [Netty epoll Worker #3/INFO] [com.velocitypowered.proxy.connection.MinecraftConnection]: [server connection] ironmanLJM -> auth has connected
[05:18:25] [nLogin - Task Executor #14/INFO] [nlogin]: The user ironmanLJM has successfully logged in.
[05:18:25] [Netty epoll Worker #3/INFO] [com.velocitypowered.proxy.connection.MinecraftConnection]: [server connection] ironmanLJM -> survival has connected
[05:18:25] [Netty epoll Worker #3/INFO] [com.velocitypowered.proxy.connection.MinecraftConnection]: [server connection] ironmanLJM -> auth has disconnected
[05:19:15] [Netty epoll Worker #3/INFO] [com.velocitypowered.proxy.connection.MinecraftConnection]: [connected player] ironmanLJM (/[0:0:0:0:0:0:0:1]:49662) has disconnected
[05:19:15] [Netty epoll Worker #3/INFO] [com.velocitypowered.proxy.connection.MinecraftConnection]: [server connection] ironmanLJM -> survival has disconnected
